Resolving dependencies...
Downloading packages...
  _fe_analyzer_shared 93.0.0 (107.0.0 available)
  _flutterfire_internals 1.3.59 (1.3.77 available)
  agora_rtc_engine 6.5.3 (6.6.4 available)
  analyzer 10.0.1 (14.3.0 available)
  app_links 7.0.0 (7.2.1 available)
  app_links_platform_interface 2.0.2 (2.0.4 available)
  archive 4.0.9 (4.2.0 available)
  async 2.13.0 (2.13.1 available)
  audioplayers 6.6.0 (6.8.1 available)
  audioplayers_android 5.2.1 (5.3.0 available)
  audioplayers_darwin 6.4.0 (6.5.0 available)
  audioplayers_linux 4.2.1 (4.3.0 available)
  audioplayers_platform_interface 7.1.1 (7.2.0 available)
  audioplayers_web 5.2.0 (5.3.0 available)
  audioplayers_windows 4.3.0 (4.4.1 available)
  build 4.0.5 (4.0.11 available)
  build_config 1.3.0 (1.3.3 available)
  build_daemon 4.1.1 (4.1.6 available)
  build_runner 2.13.1 (2.16.1 available)
  built_value 8.12.4 (8.13.0 available)
  cached_network_image 3.4.1 (4.0.0 available)
  cached_network_image_platform_interface 4.1.1 (5.0.0 available)
  cached_network_image_web 1.3.1 (2.0.0 available)
  characters 1.4.0 (1.4.1 available)
  cli_util 0.4.2 (0.6.0 available)
  clock 1.1.2 (1.1.3 available)
  code_builder 4.11.1 (4.12.0 available)
  connectivity_plus 6.1.5 (7.3.1 available)
  connectivity_plus_platform_interface 2.0.1 (2.1.0 available)
  cross_file 0.3.5+2 (0.3.5+5 available)
  crypto 3.0.7 (from transitive dependency to direct dependency)
  cupertino_icons 1.0.8 (1.0.9 available)
  dart_jsonwebtoken 3.3.2 (3.4.1 available)
  dart_style 3.1.7 (3.1.13 available)
  dbus 0.7.12 (0.7.15 available)
  drift 2.31.0 (2.34.4 available)
  drift_dev 2.31.0 (2.34.6 available)
  drift_flutter 0.2.8 (0.3.1 available)
  ed25519_edwards 0.3.1 (0.3.2 available)
  equatable 2.0.8 (2.1.0 available)
  firebase_core 3.15.2 (4.14.0 available)
  firebase_core_platform_interface 6.0.3 (8.1.1 available)
  firebase_core_web 2.24.1 (3.11.0 available)
  firebase_messaging 15.2.10 (16.6.0 available)
  firebase_messaging_platform_interface 4.6.10 (4.10.0 available)
  firebase_messaging_web 3.10.10 (4.2.5 available)
  fl_chart 0.69.2 (1.2.0 available)
  flutter_cache_manager 3.4.1 (3.4.2 available)
  flutter_dotenv 5.2.1 (6.0.1 available)
  flutter_lints 4.0.0 (6.0.0 available)
  flutter_local_notifications 19.5.0 (22.3.0 available)
  flutter_local_notifications_linux 6.0.0 (8.0.1 available)
  flutter_local_notifications_platform_interface 9.1.0 (12.2.0 available)
  flutter_local_notifications_windows 1.0.3 (3.1.1 available)
  flutter_map 7.0.2 (8.3.2 available)
  flutter_riverpod 2.6.1 (3.4.3 available)
  functions_client 2.5.0 (2.7.1 available)
  geolocator 13.0.4 (14.0.3 available)
  geolocator_android 4.6.2 (5.0.3 available)
  geolocator_apple 2.3.13 (2.3.14 available)
  geolocator_platform_interface 4.2.6 (4.3.0 available)
  geolocator_web 4.1.3 (4.1.4 available)
  glob 2.1.3 (2.2.0 available)
  go_router 14.8.1 (18.0.1 available)
  google_fonts 6.3.3 (8.2.1 available)
  google_sign_in_android 7.2.11 (7.2.17 available)
  google_sign_in_ios 6.3.0 (6.3.3 available)
  gotrue 2.20.0 (2.27.2 available)
  gtk 2.1.0 (2.2.0 available)
  html 0.15.6 (0.15.7 available)
  image 4.8.0 (4.9.2 available)
  intl 0.20.2 (0.20.3 available)
  io 1.0.5 (1.1.0 available)
  iris_method_channel 2.2.5 (2.2.7 available)
  json_annotation 4.11.0 (4.12.0 available)
  latlong2 0.9.1 (0.10.1 available)
  lints 4.0.0 (6.1.0 available)
  matcher 0.12.17 (0.12.20 available)
  material_color_utilities 0.11.1 (0.13.1 available)
  meta 1.17.0 (1.19.0 available)
  mgrs_dart 2.0.0 (3.0.0 available)
  mime 2.0.0 (2.1.0 available)
  mocktail 1.0.4 (1.0.5 available)
  package_config 2.2.0 (3.0.0 available)
  package_info_plus 8.3.1 (10.2.1 available)
  package_info_plus_platform_interface 3.2.1 (4.1.0 available)
  path_provider 2.1.5 (2.1.6 available)
  path_provider_android 2.2.22 (2.3.1 available)
  path_provider_foundation 2.5.1 (2.6.0 available)
  path_provider_linux 2.2.1 (2.2.2 available)
  path_provider_platform_interface 2.1.2 (2.1.3 available)
  pdf 3.12.0 (3.13.0 available)
  permission_handler 11.4.0 (13.0.2 available)
  permission_handler_android 12.1.0 (14.1.0 available)
  permission_handler_apple 9.4.7 (9.6.1 available)
  permission_handler_html 0.1.3+5 (0.1.4+1 available)
  permission_handler_platform_interface 4.3.0 (4.4.1 available)
  permission_handler_windows 0.2.1 (0.2.2 available)
  pool 1.5.2 (1.5.3 available)
  posix 6.5.0 (6.5.2 available)
  postgrest 2.7.0 (2.9.1 available)
  proj4dart 2.1.0 (3.0.0 available)
  pub_semver 2.2.0 (2.2.1 available)
  pubspec_parse 1.5.0 (1.6.0 available)
  qr 3.0.2 (4.0.0 available)
  realtime_client 2.7.3 (2.13.0 available)
  riverpod 2.6.1 (3.4.3 available)
  sentry 8.14.2 (9.29.0 available)
  sentry_flutter 8.14.2 (9.29.0 available)
  share_plus 10.1.4 (13.3.0 available)
  share_plus_platform_interface 5.0.2 (7.2.0 available)
  shared_preferences 2.5.4 (2.5.5 available)
  shared_preferences_android 2.4.21 (2.4.28 available)
  shared_preferences_foundation 2.5.6 (2.5.7 available)
  shared_preferences_platform_interface 2.4.1 (2.4.2 available)
  sign_in_with_apple 7.0.1 (8.2.0 available)
  source_gen 4.2.2 (4.3.0 available)
  sqflite 2.4.2 (2.4.3 available)
  sqflite_android 2.4.2+3 (2.4.3 available)
  sqflite_common 2.5.6 (2.5.11 available)
  sqflite_darwin 2.4.2 (2.4.3+1 available)
  sqflite_platform_interface 2.4.0 (2.4.1 available)
  sqlite3 2.9.4 (3.5.2 available)
  sqlite3_flutter_libs 0.5.42 (0.6.0+eol available)
  sqlparser 0.43.1 (0.45.0 available)
  stack_trace 1.12.1 (1.12.2 available)
  storage_client 2.5.2 (2.8.0 available)
  stream_transform 2.1.1 (2.1.2 available)
  supabase 2.10.6 (2.16.1 available)
  supabase_flutter 2.12.4 (2.17.2 available)
  synchronized 3.4.0 (3.4.1+2 available)
  test_api 0.7.7 (0.7.14 available)
! timezone 0.10.1 (overridden) (0.11.1 available)
  unicode 0.3.1 (1.1.9 available)
  url_launcher_android 6.3.28 (6.3.33 available)
  url_launcher_ios 6.4.1 (6.4.2 available)
  url_launcher_linux 3.2.2 (3.2.3 available)
  url_launcher_macos 3.2.5 (3.2.6 available)
  url_launcher_web 2.4.2 (2.4.3 available)
  url_launcher_windows 3.1.5 (3.1.6 available)
  uuid 4.5.3 (4.6.0 available)
  vector_math 2.2.0 (2.4.2 available)
  video_player 2.11.1 (2.14.0 available)
  video_player_android 2.9.4 (2.12.2 available)
  video_player_avfoundation 2.9.4 (2.11.1 available)
  video_player_platform_interface 6.6.0 (6.9.0 available)
  vm_service 15.0.2 (15.3.0 available)
  wakelock_plus 1.3.3 (1.8.0 available)
  wakelock_plus_platform_interface 1.4.0 (1.7.0 available)
  win32 5.15.0 (6.4.0 available)
  xml 6.6.1 (7.0.1 available)
  yaml 3.1.3 (3.1.4 available)
  yet_another_json_isolate 2.1.0 (2.1.1 available)
Changed 1 dependency!
152 packages have newer versions incompatible with dependency constraints.
Try `flutter pub outdated` for more information.
00:00 +0: loading /Users/alexandermessinger/dev/claudvibes/reflexjourney/test/features/auth/apple_nonce_test.dart
00:00 +0: Apple challenge and Supabase verification share a fresh nonce per attempt
00:00 +1: All tests passed!
