Resetting local database...
Recreating database...
Initialising schema...
Seeding globals from roles.sql...
Applying migration 20260412_core_schema_baseline.sql...
NOTICE (42710): extension "pgcrypto" already exists, skipping
NOTICE (00000): trigger "on_auth_user_created" for relation "auth.users" does not exist, skipping
Applying migration 20260413_chat_foundation.sql...
Applying migration 20260414_video_calls.sql...
Applying migration 2026041501_backfill_community_channels.sql...
Applying migration 2026041502_enrollment_community_trigger.sql...
NOTICE (00000): trigger "trg_enrollment_join_community" for relation "public.enrollments" does not exist, skipping
Applying migration 2026041503_get_channel_list.sql...
Applying migration 2026041504_secure_role_activation.sql...
NOTICE (00000): trigger "trg_prevent_direct_role_change" for relation "public.profiles" does not exist, skipping
Applying migration 2026041505_subscription_tier.sql...
NOTICE (00000): trigger "trg_prevent_direct_tier_change" for relation "public.profiles" does not exist, skipping
NOTICE (00000): policy "profiles_admin_read_all" for relation "public.profiles" does not exist, skipping
Applying migration 2026041506_trainer_invite_codes.sql...
Applying migration 2026041601_user_consents.sql...
Applying migration 2026041602_delete_user.sql...
Applying migration 2026042401_trainer_appointments.sql...
NOTICE (42P07): relation "appointments" already exists, skipping
NOTICE (42P07): relation "idx_appointments_trainer" already exists, skipping
NOTICE (42P07): relation "idx_appointments_trainee" already exists, skipping
NOTICE (42701): column "invite_code" of relation "trainer_client_relationships" already exists, skipping
Applying migration 2026042402_appointments_proposed_flow.sql...
NOTICE (42701): column "proposed_slots" of relation "appointments" already exists, skipping
Applying migration 20260424_atomic_trainer_switch.sql...
NOTICE (00000): constraint "trainer_client_relationships_trainer_id_client_id_key" of relation "trainer_client_relationships" does not exist, skipping
Applying migration 2026042501_confirm_proposed_appointment.sql...
Applying migration 2026042502_direct_call_lifecycle.sql...
Applying migration 2026042503_harden_trainer_client_relationships.sql...
Applying migration 20260426_propose_appointment_rpc.sql...
Applying migration 2026042701_push_tokens.sql...
NOTICE (42P07): relation "device_tokens" already exists, skipping
NOTICE (00000): constraint "device_tokens_user_id_platform_key" of relation "device_tokens" does not exist, skipping
NOTICE (42701): column "environment" of relation "device_tokens" already exists, skipping
NOTICE (42701): column "app_version" of relation "device_tokens" already exists, skipping
NOTICE (42701): column "device_id" of relation "device_tokens" already exists, skipping
NOTICE (42701): column "enabled" of relation "device_tokens" already exists, skipping
NOTICE (42701): column "last_seen_at" of relation "device_tokens" already exists, skipping
NOTICE (42701): column "revoked_at" of relation "device_tokens" already exists, skipping
NOTICE (42701): column "created_at" of relation "device_tokens" already exists, skipping
NOTICE (42P07): relation "ux_device_tokens_token" already exists, skipping
NOTICE (42P07): relation "device_tokens_user_id_idx" already exists, skipping
NOTICE (42P07): relation "device_tokens_enabled_user_idx" already exists, skipping
NOTICE (00000): policy "Users can read their own device tokens" for relation "device_tokens" does not exist, skipping
NOTICE (00000): policy "Users can insert their own device tokens" for relation "device_tokens" does not exist, skipping
NOTICE (00000): policy "Users can update their own device tokens" for relation "device_tokens" does not exist, skipping
Applying migration 2026042702_trainer_network.sql...
NOTICE (00000): policy "Trainer reads own profile" for relation "trainer_profiles" does not exist, skipping
NOTICE (00000): policy "Admins manage all trainer profiles" for relation "trainer_profiles" does not exist, skipping
NOTICE (00000): policy "Trainer sees own private profile" for relation "trainer_profile_private" does not exist, skipping
NOTICE (00000): policy "Admins manage private trainer profiles" for relation "trainer_profile_private" does not exist, skipping
NOTICE (00000): function public.find_trainers_nearby(float8,float8,float8) does not exist, skipping
Applying migration 20260428_trainer_applications.sql...
NOTICE (42710): extension "postgis" already exists, skipping
NOTICE (00000): constraint "trainer_applications_review_channel_fk" of relation "trainer_applications" does not exist, skipping
NOTICE (00000): policy "trainer_applications_select_own_or_admin" for relation "public.trainer_applications" does not exist, skipping
NOTICE (00000): policy "trainer_applications_insert_own" for relation "public.trainer_applications" does not exist, skipping
NOTICE (00000): policy "trainer_applications_update_own_withdraw" for relation "public.trainer_applications" does not exist, skipping
NOTICE (00000): policy "trainer_applications_admin_all" for relation "public.trainer_applications" does not exist, skipping
NOTICE (00000): policy "trainer_application_audit_select_own_or_admin" for relation "public.trainer_application_audit_events" does not exist, skipping
NOTICE (00000): policy "trainer_application_audit_insert_deny" for relation "public.trainer_application_audit_events" does not exist, skipping
Applying migration 2026042901_find_trainers_nearby_backfill.sql...
NOTICE (42710): extension "postgis" already exists, skipping
NOTICE (42P07): relation "trainer_profiles" already exists, skipping
NOTICE (42P07): relation "idx_trainer_profiles_location_private" already exists, skipping
NOTICE (42P07): relation "idx_trainer_profiles_status" already exists, skipping
NOTICE (42P07): relation "trainer_profile_private" already exists, skipping
NOTICE (00000): policy "trainer_profiles_select_own_or_admin" for relation "public.trainer_profiles" does not exist, skipping
NOTICE (00000): policy "trainer_profiles_admin_all" for relation "public.trainer_profiles" does not exist, skipping
NOTICE (00000): policy "trainer_profile_private_select_own_or_admin" for relation "public.trainer_profile_private" does not exist, skipping
NOTICE (00000): policy "trainer_profile_private_admin_all" for relation "public.trainer_profile_private" does not exist, skipping
NOTICE (42701): column "source_type" of relation "trainer_client_relationships" already exists, skipping
NOTICE (42P07): relation "uq_trainer_client_pending_discovery" already exists, skipping
NOTICE (42P07): relation "uq_trainer_client_active_pair" already exists, skipping
Applying migration 2026042902_review_chat_calls_appointments.sql...
Applying migration 2026042903_trainer_application_code_generation_hotfix.sql...
Applying migration 2026050101_reflex_profile_foundation.sql...
NOTICE (00000): policy "reflex_profile_assessments_select_own" for relation "public.reflex_profile_assessments" does not exist, skipping
NOTICE (00000): policy "reflex_profile_assessments_insert_own" for relation "public.reflex_profile_assessments" does not exist, skipping
Applying migration 2026050102_admin_phase6_controls.sql...
Applying migration 2026050103_withdraw_discovery_request.sql...
Applying migration 2026050501_fix_appointment_proposed_slots_type.sql...
Applying migration 2026050502_list_public_trainers.sql...
Applying migration 20260510_reflex_profile_questionnaire_v1.sql...
NOTICE (00000): policy "reflex_subject_profiles_owner_all" for relation "public.reflex_subject_profiles" does not exist, skipping
NOTICE (00000): constraint "reflex_profile_assessments_completion_check" of relation "reflex_profile_assessments" does not exist, skipping
NOTICE (00000): constraint "reflex_profile_assessments_questionnaire_type_check" of relation "reflex_profile_assessments" does not exist, skipping
NOTICE (00000): constraint "reflex_profile_assessments_safety_status_check" of relation "reflex_profile_assessments" does not exist, skipping
NOTICE (00000): policy "reflex_profile_assessments_update_own" for relation "public.reflex_profile_assessments" does not exist, skipping
NOTICE (00000): policy "reflex_profile_trainer_shares_owner_all" for relation "public.reflex_profile_trainer_shares" does not exist, skipping
NOTICE (00000): policy "reflex_profile_trainer_shares_trainer_select" for relation "public.reflex_profile_trainer_shares" does not exist, skipping
NOTICE (00000): policy "reflex_subject_profiles_trainer_select" for relation "public.reflex_subject_profiles" does not exist, skipping
NOTICE (00000): policy "reflex_profile_assessments_trainer_select" for relation "public.reflex_profile_assessments" does not exist, skipping
NOTICE (00000): policy "reflex_subject_profile_notes_owner_select" for relation "public.reflex_subject_profile_notes" does not exist, skipping
NOTICE (00000): policy "reflex_subject_profile_notes_trainer_select" for relation "public.reflex_subject_profile_notes" does not exist, skipping
NOTICE (00000): policy "reflex_subject_profile_notes_trainer_insert" for relation "public.reflex_subject_profile_notes" does not exist, skipping
NOTICE (00000): function public.get_reflex_profile_admin_rollup() does not exist, skipping
Applying migration 2026051101_reflex_age_snapshot_and_birth_date.sql...
Applying migration 2026051102_training_subject_profile_links.sql...
NOTICE (00000): index "enrollments_user_package_active_unique" does not exist, skipping
Applying migration 2026051103_completion_questionnaires_subject_profile.sql...
Applying migration 2026051104_subject_profile_id_on_mood_and_journal.sql...
Applying migration 2026051105_appointment_subject_profile_links.sql...
Applying migration 2026051106_phase2_adult_self_backfill.sql...
Applying migration 2026051107_reflex_admin_rollup_v2.sql...
Applying migration 20260512_completion_questionnaires_backfill_via_user.sql...
Applying migration 2026051301_enable_rls_postgis_spatial_ref_sys.sql...
NOTICE (00000): spatial_ref_sys: not owner, skipping RLS enable (static PostGIS reference table)
Applying migration 20260513_enable_rls_static_config_tables.sql...
NOTICE (00000): policy "feature_flags_select_all" for relation "public.feature_flags" does not exist, skipping
NOTICE (00000): policy "cj: reflex_packages select all" for relation "public.reflex_packages" does not exist, skipping
NOTICE (00000): policy "cj: exercises select all" for relation "public.exercises" does not exist, skipping
Applying migration 20260522_create_vorrunde_phases.sql...
NOTICE (00000): trigger "trg_vorrunde_phases_updated_at" for relation "public.vorrunde_phases" does not exist, skipping
NOTICE (00000): policy "cj: vorrunde_phases select own" for relation "public.vorrunde_phases" does not exist, skipping
NOTICE (00000): policy "cj: vorrunde_phases insert own" for relation "public.vorrunde_phases" does not exist, skipping
NOTICE (00000): policy "cj: vorrunde_phases update own" for relation "public.vorrunde_phases" does not exist, skipping
NOTICE (00000): policy "cj: vorrunde_phases delete own" for relation "public.vorrunde_phases" does not exist, skipping
Applying migration 20260524_training_reminder_system.sql...
NOTICE (00000): trigger "trg_user_reminder_preferences_updated_at" for relation "public.user_reminder_preferences" does not exist, skipping
NOTICE (00000): trigger "trg_user_reminder_preferences_protect_rollout" for relation "public.user_reminder_preferences" does not exist, skipping
NOTICE (00000): policy "cj: user_reminder_preferences select own" for relation "public.user_reminder_preferences" does not exist, skipping
NOTICE (00000): policy "cj: user_reminder_preferences insert own" for relation "public.user_reminder_preferences" does not exist, skipping
NOTICE (00000): policy "cj: user_reminder_preferences update own" for relation "public.user_reminder_preferences" does not exist, skipping
NOTICE (00000): policy "cj: notification_jobs select own" for relation "public.notification_jobs" does not exist, skipping
Applying migration 20260530_exercise_media_urls.sql...
NOTICE (00000): policy "exercise-media public read" for relation "storage.objects" does not exist, skipping
Applying migration 2026060100_admin_audit_events.sql...
NOTICE (00000): policy "admin_audit_events_admin_select" for relation "public.admin_audit_events" does not exist, skipping
NOTICE (00000): policy "admin_audit_events_admin_insert" for relation "public.admin_audit_events" does not exist, skipping
Applying migration 2026060101_admin_user_directory.sql...
Applying migration 2026060102_admin_attribution_delete_behavior.sql...
NOTICE (42622): identifier "trainer_application_audit_events_actor_id_profiles_set_null_fkey" will be truncated to "trainer_application_audit_events_actor_id_profiles_set_null_fke"
NOTICE (42622): identifier "trainer_applications_background_check_verified_by_profiles_set_null_fkey" will be truncated to "trainer_applications_background_check_verified_by_profiles_set_"
Applying migration 2026060103_admin_user_delete_diagnostics.sql...
Applying migration 2026060104_admin_delete_auth_user_rpc.sql...
Applying migration 2026060105_admin_metrics_v1.sql...
Applying migration 20260702_rls_baseline_core_tables.sql...
NOTICE (00000): policy "Users manage own journal" for relation "public.journal_entries" does not exist, skipping
NOTICE (00000): policy "cj: profiles select own" for relation "public.profiles" does not exist, skipping
NOTICE (00000): policy "cj: profiles insert own" for relation "public.profiles" does not exist, skipping
NOTICE (00000): policy "cj: profiles update own" for relation "public.profiles" does not exist, skipping
NOTICE (00000): policy "cj: enrollments all own" for relation "public.enrollments" does not exist, skipping
NOTICE (00000): policy "cj: enrollments trainer read" for relation "public.enrollments" does not exist, skipping
NOTICE (00000): policy "cj: intake_assessments all own" for relation "public.intake_assessments" does not exist, skipping
NOTICE (00000): policy "cj: completion_questionnaires all own" for relation "public.completion_questionnaires" does not exist, skipping
NOTICE (00000): policy "cj: training_sessions all own" for relation "public.training_sessions" does not exist, skipping
NOTICE (00000): policy "cj: training_sessions trainer read" for relation "public.training_sessions" does not exist, skipping
NOTICE (00000): policy "cj: progress_entries all own" for relation "public.progress_entries" does not exist, skipping
NOTICE (00000): policy "cj: progress_entries trainer read" for relation "public.progress_entries" does not exist, skipping
NOTICE (00000): policy "cj: mood_checkins all own" for relation "public.mood_checkins" does not exist, skipping
NOTICE (00000): policy "cj: mood_checkins trainer read" for relation "public.mood_checkins" does not exist, skipping
NOTICE (00000): policy "cj: journal_entries select own" for relation "public.journal_entries" does not exist, skipping
NOTICE (00000): policy "cj: journal_entries insert own" for relation "public.journal_entries" does not exist, skipping
NOTICE (00000): policy "cj: journal_entries update own" for relation "public.journal_entries" does not exist, skipping
NOTICE (00000): policy "cj: journal_entries delete own" for relation "public.journal_entries" does not exist, skipping
NOTICE (00000): policy "cj: tcr select participant" for relation "public.trainer_client_relationships" does not exist, skipping
NOTICE (00000): policy "cj: tcr all trainer" for relation "public.trainer_client_relationships" does not exist, skipping
NOTICE (00000): policy "cj: tcr update client" for relation "public.trainer_client_relationships" does not exist, skipping
NOTICE (00000): policy "cj: device_tokens all own" for relation "public.device_tokens" does not exist, skipping
NOTICE (00000): policy "cj: user_consents all own" for relation "public.user_consents" does not exist, skipping
NOTICE (00000): policy "cj: appointments all trainer" for relation "public.appointments" does not exist, skipping
NOTICE (00000): policy "cj: appointments select trainee" for relation "public.appointments" does not exist, skipping
NOTICE (00000): policy "Trainees confirm own appointments" for relation "public.appointments" does not exist, skipping
NOTICE (00000): trigger "trg_journal_entries_updated_at" for relation "public.journal_entries" does not exist, skipping
Applying migration 2026070701_premium_entitlements.sql...
NOTICE (00000): trigger "trg_prevent_direct_premium_change" for relation "public.profiles" does not exist, skipping
Applying migration 2026070801_experience_shares_baseline.sql...
NOTICE (00000): policy "shares_read" for relation "public.experience_shares" does not exist, skipping
NOTICE (00000): policy "shares_insert" for relation "public.experience_shares" does not exist, skipping
NOTICE (00000): policy "shares_delete_own" for relation "public.experience_shares" does not exist, skipping
Applying migration 2026070802_access_codes_redeem.sql...
Applying migration 2026071901_multi_grant_entitlements.sql...
NOTICE (42710): extension "pgcrypto" already exists, skipping
NOTICE (00000): policy "entitlement_grants_select_own" for relation "public.entitlement_grants" does not exist, skipping
NOTICE (00000): policy "benefit_redemptions_select_own" for relation "public.benefit_redemptions" does not exist, skipping
NOTICE (00000): policy "sales_rollout_authenticated_read" for relation "public.sales_rollout" does not exist, skipping
NOTICE (00000): policy "feature_rollout_authenticated_read" for relation "public.feature_rollout" does not exist, skipping
NOTICE (00000): trigger "trg_sync_legacy_premium_projection" for relation "public.entitlement_grants" does not exist, skipping
Applying migration 2026072300_exercise_columns_and_moro_seed.sql...
Applying migration 2026072301_moro_content_snapshot_v1.sql...
Applying migration 2026081001_finalized_training_images.sql...
Applying migration 2026082101_revoke_reflex_shares_on_relationship_end.sql...
NOTICE (00000): trigger "trg_revoke_reflex_shares_on_relationship_end" for relation "public.trainer_client_relationships" does not exist, skipping
Applying migration 2026082102_relationship_end_lifecycle.sql...
Applying migration 2026082103_direct_chat_write_requires_relationship.sql...
Applying migration 2026082104_protect_relationship_lifecycle.sql...
NOTICE (00000): trigger "trg_prevent_direct_relationship_lifecycle_change" for relation "public.trainer_client_relationships" does not exist, skipping
NOTICE (00000): function public.prevent_direct_relationship_lifecycle_change() does not exist, skipping
Applying migration 2026082105_referral_program.sql...
NOTICE (00000): trigger "activate_referral_after_completed_session" for relation "public.training_sessions" does not exist, skipping
Applying migration 2026082106_admin_invite_funnel.sql...
Applying migration 2026082301_streak_credits.sql...
NOTICE (00000): policy "cj: streak_credits all own" for relation "public.streak_credits" does not exist, skipping
NOTICE (00000): policy "cj: streak_credits trainer read" for relation "public.streak_credits" does not exist, skipping
Applying migration 2026082302_journal_day_key_and_profile_anonymous_default.sql...
Applying migration 2026090501_training_reference_ownership.sql...
NOTICE (00000): trigger "trg_training_reference_ownership" for relation "public.enrollments" does not exist, skipping
NOTICE (00000): trigger "trg_training_reference_ownership" for relation "public.training_sessions" does not exist, skipping
NOTICE (00000): trigger "trg_training_reference_ownership" for relation "public.progress_entries" does not exist, skipping
NOTICE (00000): trigger "trg_training_reference_ownership" for relation "public.mood_checkins" does not exist, skipping
NOTICE (00000): trigger "trg_training_reference_ownership" for relation "public.journal_entries" does not exist, skipping
NOTICE (00000): trigger "trg_training_reference_ownership" for relation "public.completion_questionnaires" does not exist, skipping
NOTICE (00000): trigger "trg_training_reference_ownership" for relation "public.streak_credits" does not exist, skipping
NOTICE (00000): trigger "trg_training_reference_ownership" for relation "public.vorrunde_phases" does not exist, skipping
NOTICE (00000): trigger "trg_training_reference_ownership" for relation "public.reflex_profile_assessments" does not exist, skipping
Applying migration 2026090502_notification_job_recovery.sql...
WARN: no files matched pattern: supabase/seed.sql
Restarting containers...
Finished supabase db reset on branch i18n/english-localization.
A new version of Supabase CLI is available: v2.116.0 (currently installed v2.75.0)
We recommend updating regularly for new features and bug fixes: https://supabase.com/docs/guides/cli/getting-started#updating-the-supabase-cli
