00:00 +0: loading /Users/alexandermessinger/dev/claudvibes/reflexjourney/test/core/sync/sync_service_test.dart
00:00 +0: /Users/alexandermessinger/dev/claudvibes/reflexjourney/test/core/storage/file_local_storage_test.dart: migrates legacy session without copying it into device backups
00:00 +1: /Users/alexandermessinger/dev/claudvibes/reflexjourney/test/core/sync/sync_service_test.dart: simultaneous drains reserve one worker before connectivity returns
00:00 +2: /Users/alexandermessinger/dev/claudvibes/reflexjourney/test/core/sync/sync_service_test.dart: simultaneous drains reserve one worker before connectivity returns
00:00 +3: /Users/alexandermessinger/dev/claudvibes/reflexjourney/test/core/sync/sync_service_test.dart: simultaneous drains reserve one worker before connectivity returns
00:00 +4: /Users/alexandermessinger/dev/claudvibes/reflexjourney/test/core/sync/sync_service_test.dart: simultaneous drains reserve one worker before connectivity returns
00:00 +5: /Users/alexandermessinger/dev/claudvibes/reflexjourney/test/core/sync/sync_service_test.dart: simultaneous drains reserve one worker before connectivity returns
00:00 +6: /Users/alexandermessinger/dev/claudvibes/reflexjourney/test/core/sync/sync_service_test.dart: ordered partial writes do not lose fields by last-job coalescing
00:00 +7: /Users/alexandermessinger/dev/claudvibes/reflexjourney/test/core/sync/sync_service_test.dart: a changed stable-ID job is not acknowledged by an older response
00:00 +8: /Users/alexandermessinger/dev/claudvibes/reflexjourney/test/core/sync/sync_service_test.dart: FK conflict retains offline record and intent, later writes cannot overtake
[38;5;196m┌───────────────────────────────────────────────────────────────────────────────────────────────────[0m
[38;5;196m│ PostgrestException[0m
[38;5;196m├┄┄┄┄┄┄┄┄┄┄┄┄┄┄┄┄┄┄┄┄┄┄┄┄┄┄┄┄┄┄┄┄┄┄┄┄┄┄┄┄┄┄┄┄┄┄┄┄┄┄┄┄┄┄┄┄┄┄┄┄┄┄┄┄┄┄┄┄┄┄┄┄┄┄┄┄┄┄┄┄┄┄┄┄┄┄┄┄┄┄┄┄┄┄┄┄┄┄┄[0m
[38;5;196m│ #0   _Backend.upsert (file:///Users/alexandermessinger/dev/claudvibes/reflexjourney/test/core/sync/sync_service_test.dart:25:26)[0m
[38;5;196m│ #1   <asynchronous suspension>[0m
[38;5;196m│ #2   Future.timeout.<anonymous closure> (dart:async/future_impl.dart:1061:7)[0m
[38;5;196m│ #3   <asynchronous suspension>[0m
[38;5;196m│ #4   SyncService._processPendingJobs (package:corejourney/core/sync/sync_service.dart:167:11)[0m
[38;5;196m├┄┄┄┄┄┄┄┄┄┄┄┄┄┄┄┄┄┄┄┄┄┄┄┄┄┄┄┄┄┄┄┄┄┄┄┄┄┄┄┄┄┄┄┄┄┄┄┄┄┄┄┄┄┄┄┄┄┄┄┄┄┄┄┄┄┄┄┄┄┄┄┄┄┄┄┄┄┄┄┄┄┄┄┄┄┄┄┄┄┄┄┄┄┄┄┄┄┄┄[0m
[38;5;196m│ 20:31:07.189 (+0:00:00.001440)[0m
[38;5;196m├┄┄┄┄┄┄┄┄┄┄┄┄┄┄┄┄┄┄┄┄┄┄┄┄┄┄┄┄┄┄┄┄┄┄┄┄┄┄┄┄┄┄┄┄┄┄┄┄┄┄┄┄┄┄┄┄┄┄┄┄┄┄┄┄┄┄┄┄┄┄┄┄┄┄┄┄┄┄┄┄┄┄┄┄┄┄┄┄┄┄┄┄┄┄┄┄┄┄┄[0m
[38;5;196m│ ⛔ Sync job retained for retry[0m
[38;5;196m└───────────────────────────────────────────────────────────────────────────────────────────────────[0m
00:00 +9: /Users/alexandermessinger/dev/claudvibes/reflexjourney/test/core/sync/sync_service_test.dart: acknowledgement clears needsSync only after all record writes succeed
00:00 +10: /Users/alexandermessinger/dev/claudvibes/reflexjourney/test/core/sync/sync_service_test.dart: restore includes standalone journal without an enrollment and retains child scope
[38;5;12m┌───────────────────────────────────────────────────────────────────────────────────────────────────[0m
[38;5;12m│ #0   SyncService._rehydrate.<anonymous closure> (package:corejourney/core/sync/sync_service.dart:568:19)[0m
[38;5;12m├┄┄┄┄┄┄┄┄┄┄┄┄┄┄┄┄┄┄┄┄┄┄┄┄┄┄┄┄┄┄┄┄┄┄┄┄┄┄┄┄┄┄┄┄┄┄┄┄┄┄┄┄┄┄┄┄┄┄┄┄┄┄┄┄┄┄┄┄┄┄┄┄┄┄┄┄┄┄┄┄┄┄┄┄┄┄┄┄┄┄┄┄┄┄┄┄┄┄┄[0m
[38;5;12m│ 20:31:07.235 (+0:00:00.047311)[0m
[38;5;12m├┄┄┄┄┄┄┄┄┄┄┄┄┄┄┄┄┄┄┄┄┄┄┄┄┄┄┄┄┄┄┄┄┄┄┄┄┄┄┄┄┄┄┄┄┄┄┄┄┄┄┄┄┄┄┄┄┄┄┄┄┄┄┄┄┄┄┄┄┄┄┄┄┄┄┄┄┄┄┄┄┄┄┄┄┄┄┄┄┄┄┄┄┄┄┄┄┄┄┄[0m
[38;5;12m│ 💡 SyncService.rehydrate: pulled 0 enrollments, 0 progress entries, 0 training sessions, 1 journal entries, 0 streak credits[0m
[38;5;12m└───────────────────────────────────────────────────────────────────────────────────────────────────[0m
00:00 +11: /Users/alexandermessinger/dev/claudvibes/reflexjourney/test/core/sync/sync_service_test.dart: pending delete prevents stale remote journal resurrection
[38;5;12m┌───────────────────────────────────────────────────────────────────────────────────────────────────[0m
[38;5;12m│ #0   SyncService._rehydrate.<anonymous closure> (package:corejourney/core/sync/sync_service.dart:568:19)[0m
[38;5;12m├┄┄┄┄┄┄┄┄┄┄┄┄┄┄┄┄┄┄┄┄┄┄┄┄┄┄┄┄┄┄┄┄┄┄┄┄┄┄┄┄┄┄┄┄┄┄┄┄┄┄┄┄┄┄┄┄┄┄┄┄┄┄┄┄┄┄┄┄┄┄┄┄┄┄┄┄┄┄┄┄┄┄┄┄┄┄┄┄┄┄┄┄┄┄┄┄┄┄┄[0m
[38;5;12m│ 20:31:07.249 (+0:00:00.061571)[0m
[38;5;12m├┄┄┄┄┄┄┄┄┄┄┄┄┄┄┄┄┄┄┄┄┄┄┄┄┄┄┄┄┄┄┄┄┄┄┄┄┄┄┄┄┄┄┄┄┄┄┄┄┄┄┄┄┄┄┄┄┄┄┄┄┄┄┄┄┄┄┄┄┄┄┄┄┄┄┄┄┄┄┄┄┄┄┄┄┄┄┄┄┄┄┄┄┄┄┄┄┄┄┄[0m
[38;5;12m│ 💡 SyncService.rehydrate: pulled 0 enrollments, 0 progress entries, 0 training sessions, 1 journal entries, 0 streak credits[0m
[38;5;12m└───────────────────────────────────────────────────────────────────────────────────────────────────[0m
00:00 +12: /Users/alexandermessinger/dev/claudvibes/reflexjourney/test/core/sync/sync_service_test.dart: late restore response cannot repopulate account data after logout
00:00 +13: /Users/alexandermessinger/dev/claudvibes/reflexjourney/test/core/sync/sync_service_test.dart: logout removes all user tables including streak credits but preserves content
00:00 +14: /Users/alexandermessinger/dev/claudvibes/reflexjourney/test/core/sync/sync_service_test.dart: stale account jobs never transmit under another account
00:07 +15: /Users/alexandermessinger/dev/claudvibes/reflexjourney/test/core/navigation/auth_deep_link_test.dart: classifyAuthDeepLink rejects foreign origins, plaintext, userinfo and unexpected ports
00:07 +16: /Users/alexandermessinger/dev/claudvibes/reflexjourney/test/core/navigation/auth_deep_link_test.dart: classifyAuthDeepLink matches universal reset-password link (with token_hash)
00:07 +17: /Users/alexandermessinger/dev/claudvibes/reflexjourney/test/core/navigation/auth_deep_link_test.dart: classifyAuthDeepLink matches custom-scheme reset-password link
00:07 +18: /Users/alexandermessinger/dev/claudvibes/reflexjourney/test/core/navigation/auth_deep_link_test.dart: classifyAuthDeepLink matches universal confirm link (with token_hash)
00:07 +19: /Users/alexandermessinger/dev/claudvibes/reflexjourney/test/core/navigation/auth_deep_link_test.dart: classifyAuthDeepLink matches custom-scheme confirm link
00:07 +20: /Users/alexandermessinger/dev/claudvibes/reflexjourney/test/core/navigation/auth_deep_link_test.dart: classifyAuthDeepLink ignores unrelated paths on the app domain
00:07 +21: /Users/alexandermessinger/dev/claudvibes/reflexjourney/test/core/navigation/auth_deep_link_test.dart: classifyAuthDeepLink does not treat an https host named auth as custom-scheme shape
00:07 +22: /Users/alexandermessinger/dev/claudvibes/reflexjourney/test/features/training/presentation/widgets/exercise_media_widgets_test.dart: ExerciseImageWidget missing local image terminates in a controlled fallback
00:08 +23: /Users/alexandermessinger/dev/claudvibes/reflexjourney/test/features/training/presentation/widgets/exercise_media_widgets_test.dart: ExerciseImageWidget invalid remote URL safely uses the bundled local image
00:08 +24: /Users/alexandermessinger/dev/claudvibes/reflexjourney/test/features/training/presentation/widgets/exercise_media_widgets_test.dart: ExerciseVideoWidget remote initialization times out into an honest retry state
00:08 +25: /Users/alexandermessinger/dev/claudvibes/reflexjourney/test/features/training/presentation/widgets/exercise_media_widgets_test.dart: ExerciseVideoWidget reduced motion initializes without autoplay or looping
00:08 +26: /Users/alexandermessinger/dev/claudvibes/reflexjourney/test/features/training/presentation/widgets/exercise_media_widgets_test.dart: ExerciseVideoWidget standard motion preserves deliberate autoplay and looping
00:08 +27: /Users/alexandermessinger/dev/claudvibes/reflexjourney/test/features/training/presentation/widgets/exercise_media_widgets_test.dart: ExerciseVideoWidget late native playback error exposes fallback and retry
00:08 +28: /Users/alexandermessinger/dev/claudvibes/reflexjourney/test/features/training/presentation/widgets/exercise_media_widgets_test.dart: ExerciseVideoWidget hung bundled asset initialization reaches fallback
00:08 +29: All tests passed!
